$ git config --global user.name "shubham"
$ git config --global user.email "shubhamrathore1024@gmail.com"
$ touch .gitignore
$ git init
$ git add .
$ git commit -m "Initial commit"
$ git status
On branch master
nothing to commit, working tree clean
$ git remote add origin git@github.com:NeoShubh/FoodWeb.git (ssh key)
$ git push origin master (show error if the repository is private)
$ ssh-keygen -t ed25519 -C "shubhamrathore1024@gmail.com"
Generating public/private ed25519 key pair.
Enter file in which to save the key (/c/Users/BOSS/.ssh/id_ed2551
/c/Users/BOSS/.ssh/id_ed25519 already exists.
Overwrite (y/n)? y
Enter passphrase (empty for no passphrase):
Enter same passphrase again:
Your identification has been saved in /c/Users/BOSS/.ssh/id_ed255
Your public key has been saved in /c/Users/BOSS/.ssh/id_ed25519.p
The key fingerprint is:
SHA256:Amo+Yn1RMRBFY74zP1gmS7CFqBH1i9p/BPd4KROVY8s shubhamrathore
The key's randomart image is:
+--[ED25519 256]--+
| ... o=B  .      |
|  . o + +=       |
| . ..+ ++ o      |
|  o..o*o.E       |
| .o. ++*So.      |
| o+   o*X+       |
|.ooo ..o+o       |
|.. .o  .  .      |
|     ..          |
+----[SHA256]-----+
$ cat  /c/Users/BOSS/.ssh/id_ed25519.pub
ssh-ed25519 AAAAC3NzaC1lZDI1NTE5AAAAIKvBGE1KLaO7OtRKjttpbrVDzC/ujrathore1024@gmail.com
(paste it in your profile ssh and ggh keys folder and paste there ok)
$ git push origin master
Everything up-to-date
